#
# There is insufficient memory for the Java Runtime Environment to continue.
# Native memory allocation (mmap) failed to map 264241152 bytes for G1 virtual space
# Possible reasons:
#   The system is out of physical RAM or swap space
#   The process is running with CompressedOops enabled, and the Java Heap may be blocking the growth of the native heap
# Possible solutions:
#   Reduce memory load on the system
#   Increase physical memory or swap space
#   Check if swap backing store is full
#   Decrease Java heap size (-Xmx/-Xms)
#   Decrease number of Java threads
#   Decrease Java thread stack sizes (-Xss)
#   Set larger code cache with -XX:ReservedCodeCacheSize=
#   JVM is running with Zero Based Compressed Oops mode in which the Java heap is
#     placed in the first 32GB address space. The Java Heap base address is the
#     maximum limit for the native heap growth. Please use -XX:HeapBaseMinAddress
#     to set the Java Heap base and to place the Java Heap above 32GB virtual address.
# This output file may be truncated or incomplete.
#
#  Out of Memory Error (os_windows.cpp:3548), pid=34320, tid=34376
#
# JRE version:  (17.0.12+8) (build )
# Java VM: Java HotSpot(TM) 64-Bit Server VM (17.0.12+8-LTS-286, mixed mode, sharing, tiered, compressed oops, compressed class ptrs, g1 gc, windows-amd64)
# No core dump will be written. Minidumps are not enabled by default on client versions of Windows
#

---------------  S U M M A R Y ------------

Command Line: -Dnet.bytebuddy.agent.attacher.dump= net.bytebuddy.agent.Attacher com.sun.tools.attach.VirtualMachine 31136 D:\ideaworkspace\maomaochongapp\.gradle-user-home\caches\modules-2\files-2.1\net.bytebuddy\byte-buddy-agent\1.14.15\b4cc9d88d5de562bf75b3a54ab436ad01b3f72d\byte-buddy-agent-1.14.15.jar false 

Host: 11th Gen Intel(R) Core(TM) i5-1135G7 @ 2.40GHz, 8 cores, 15G,  Windows 11 , 64 bit Build 22621 (10.0.22621.5415)
Time: Fri Mar 27 17:06:58 2026  Windows 11 , 64 bit Build 22621 (10.0.22621.5415) elapsed time: 0.031512 seconds (0d 0h 0m 0s)

---------------  T H R E A D  ---------------

Current thread (0x00000248fa930500):  JavaThread "Unknown thread" [_thread_in_vm, id=34376, stack(0x000000e4b0d00000,0x000000e4b0e00000)]

Stack: [0x000000e4b0d00000,0x000000e4b0e00000]
Native frames: (J=compiled Java code, j=interpreted, Vv=VM code, C=native code)
V  [jvm.dll+0x67a04a]
V  [jvm.dll+0x7da4ed]
V  [jvm.dll+0x7dbe33]
V  [jvm.dll+0x7dc4a3]
V  [jvm.dll+0x24508f]
V  [jvm.dll+0x677089]
V  [jvm.dll+0x66bd32]
V  [jvm.dll+0x301fa6]
V  [jvm.dll+0x309546]
V  [jvm.dll+0x359d2e]
V  [jvm.dll+0x359f5f]
V  [jvm.dll+0x2d9078]
V  [jvm.dll+0x2d9fe4]
V  [jvm.dll+0x7aca21]
V  [jvm.dll+0x367591]
V  [jvm.dll+0x78b999]
V  [jvm.dll+0x3ec83f]
V  [jvm.dll+0x3ee471]
C  [jli.dll+0x5297]
C  [ucrtbase.dll+0x29333]
C  [KERNEL32.DLL+0x1259d]
C  [ntdll.dll+0x5af78]


---------------  P R O C E S S  ---------------

Threads class SMR info:
_java_thread_list=0x00007ffe8f307a18, length=0, elements={
}

Java Threads: ( => current thread )

Other Threads:
  0x00000248fa998ba0 GCTaskThread "GC Thread#0" [stack: 0x000000e4b0e00000,0x000000e4b0f00000] [id=34380]
  0x00000248fa9aa650 ConcurrentGCThread "G1 Main Marker" [stack: 0x000000e4b0f00000,0x000000e4b1000000] [id=34384]
  0x00000248fa9ab060 ConcurrentGCThread "G1 Conc#0" [stack: 0x000000e4b1000000,0x000000e4b1100000] [id=34388]

[error occurred during error reporting (printing all threads), id 0xc0000005, EXCEPTION_ACCESS_VIOLATION (0xc0000005) at pc=0x00007ffe8eb39b67]

VM state: not at safepoint (not fully initialized)

VM Mutex/Monitor currently owned by a thread:  ([mutex/lock_event])
[0x00000248fa92b3d0] Heap_lock - owner thread: 0x00000248fa930500

Heap address: 0x0000000704a00000, size: 4022 MB, Compressed Oops mode: Zero based, Oop shift amount: 3

CDS archive(s) mapped at: [0x0000000000000000-0x0000000000000000-0x0000000000000000), size 0, SharedBaseAddress: 0x0000000800000000, ArchiveRelocationMode: 1.
Narrow klass base: 0x0000000000000000, Narrow klass shift: 0, Narrow klass range: 0x0

GC Precious Log:
<Empty>

Heap:
 garbage-first heap   total 0K, used 0K [0x0000000704a00000, 0x0000000800000000)
  region size 2048K, 0 young (0K), 0 survivors (0K)

[error occurred during error reporting (printing heap information), id 0xc0000005, EXCEPTION_ACCESS_VIOLATION (0xc0000005) at pc=0x00007ffe8ef23859]

GC Heap History (0 events):
No events

Deoptimization events (0 events):
No events

Classes unloaded (0 events):
No events

Classes redefined (0 events):
No events

Internal exceptions (0 events):
No events

VM Operations (0 events):
No events

Events (1 events):
Event: 0.018 Loaded shared library D:\Java\jdk-17\bin\java.dll


Dynamic libraries:
0x00007ff658bd0000 - 0x00007ff658be0000 	D:\Java\jdk-17\bin\java.exe
0x00007fffc0ff0000 - 0x00007fffc1208000 	C:\WINDOWS\SYSTEM32\ntdll.dll
0x00007fffbf710000 - 0x00007fffbf7d4000 	C:\WINDOWS\System32\KERNEL32.DLL
0x00007fffbe460000 - 0x00007fffbe833000 	C:\WINDOWS\System32\KERNELBASE.dll
0x00007fffba010000 - 0x00007fffba0a7000 	C:\WINDOWS\SYSTEM32\apphelp.dll
0x00007fffbe940000 - 0x00007fffbea51000 	C:\WINDOWS\System32\ucrtbase.dll
0x00007fff76ab0000 - 0x00007fff76ac9000 	D:\Java\jdk-17\bin\jli.dll
0x00007fff6e4d0000 - 0x00007fff6e4eb000 	D:\Java\jdk-17\bin\VCRUNTIME140.dll
0x00007fffbfb70000 - 0x00007fffbfc21000 	C:\WINDOWS\System32\ADVAPI32.dll
0x00007fffbf640000 - 0x00007fffbf6e7000 	C:\WINDOWS\System32\msvcrt.dll
0x00007fffc04d0000 - 0x00007fffc0578000 	C:\WINDOWS\System32\sechost.dll
0x00007fffbe840000 - 0x00007fffbe868000 	C:\WINDOWS\System32\bcrypt.dll
0x00007fffbee80000 - 0x00007fffbef98000 	C:\WINDOWS\System32\RPCRT4.dll
0x00007fffc0580000 - 0x00007fffc0732000 	C:\WINDOWS\System32\USER32.dll
0x00007fffbe870000 - 0x00007fffbe896000 	C:\WINDOWS\System32\win32u.dll
0x00007fffbf260000 - 0x00007fffbf289000 	C:\WINDOWS\System32\GDI32.dll
0x00007fffbe100000 - 0x00007fffbe21b000 	C:\WINDOWS\System32\gdi32full.dll
0x00007fffbe8a0000 - 0x00007fffbe93a000 	C:\WINDOWS\System32\msvcp_win.dll
0x00007fffaa6d0000 - 0x00007fffaa96c000 	C:\WINDOWS\WinSxS\amd64_microsoft.windows.common-controls_6595b64144ccf1df_6.0.22621.6060_none_2712eda17382d24b\COMCTL32.dll
0x00007fffb7490000 - 0x00007fffb749a000 	C:\WINDOWS\SYSTEM32\VERSION.dll
0x00007fffbee40000 - 0x00007fffbee71000 	C:\WINDOWS\System32\IMM32.DLL
0x00007fff81da0000 - 0x00007fff81dac000 	D:\Java\jdk-17\bin\vcruntime140_1.dll
0x00007fff6e440000 - 0x00007fff6e4ce000 	D:\Java\jdk-17\bin\msvcp140.dll
0x00007ffe8e850000 - 0x00007ffe8f430000 	D:\Java\jdk-17\bin\server\jvm.dll
0x00007fffbfb60000 - 0x00007fffbfb68000 	C:\WINDOWS\System32\PSAPI.DLL
0x00007fff88250000 - 0x00007fff88259000 	C:\WINDOWS\SYSTEM32\WSOCK32.dll
0x00007fffb6730000 - 0x00007fffb6764000 	C:\WINDOWS\SYSTEM32\WINMM.dll
0x00007fffbf130000 - 0x00007fffbf1a1000 	C:\WINDOWS\System32\WS2_32.dll
0x00007fffbd0a0000 - 0x00007fffbd0b8000 	C:\WINDOWS\SYSTEM32\kernel.appcore.dll
0x00007fff81cd0000 - 0x00007fff81cda000 	D:\Java\jdk-17\bin\jimage.dll
0x00007fffbbb00000 - 0x00007fffbbd33000 	C:\WINDOWS\SYSTEM32\DBGHELP.DLL
0x00007fffbf2a0000 - 0x00007fffbf631000 	C:\WINDOWS\System32\combase.dll
0x00007fffc07c0000 - 0x00007fffc0898000 	C:\WINDOWS\System32\OLEAUT32.dll
0x00007fffa1620000 - 0x00007fffa1652000 	C:\WINDOWS\SYSTEM32\dbgcore.DLL
0x00007fffbe220000 - 0x00007fffbe29b000 	C:\WINDOWS\System32\bcryptPrimitives.dll
0x00007fff52240000 - 0x00007fff52265000 	D:\Java\jdk-17\bin\java.dll

dbghelp: loaded successfully - version: 4.0.5 - missing functions: none
symbol engine: initialized successfully - sym options: 0x614 - pdb path: .;D:\Java\jdk-17\bin;C:\WINDOWS\SYSTEM32;C:\WINDOWS\WinSxS\amd64_microsoft.windows.common-controls_6595b64144ccf1df_6.0.22621.6060_none_2712eda17382d24b;D:\Java\jdk-17\bin\server

VM Arguments:
jvm_args: -Dnet.bytebuddy.agent.attacher.dump= 
java_command: net.bytebuddy.agent.Attacher com.sun.tools.attach.VirtualMachine 31136 D:\ideaworkspace\maomaochongapp\.gradle-user-home\caches\modules-2\files-2.1\net.bytebuddy\byte-buddy-agent\1.14.15\b4cc9d88d5de562bf75b3a54ab436ad01b3f72d\byte-buddy-agent-1.14.15.jar false 
java_class_path (initial): D:\ideaworkspace\maomaochongapp\.gradle-user-home\caches\modules-2\files-2.1\net.bytebuddy\byte-buddy-agent\1.14.15\b4cc9d88d5de562bf75b3a54ab436ad01b3f72d\byte-buddy-agent-1.14.15.jar
Launcher Type: SUN_STANDARD

[Global flags]
     intx CICompilerCount                          = 4                                         {product} {ergonomic}
     uint ConcGCThreads                            = 2                                         {product} {ergonomic}
     uint G1ConcRefinementThreads                  = 8                                         {product} {ergonomic}
   size_t G1HeapRegionSize                         = 2097152                                   {product} {ergonomic}
    uintx GCDrainStackTargetSize                   = 64                                        {product} {ergonomic}
   size_t InitialHeapSize                          = 264241152                                 {product} {ergonomic}
   size_t MarkStackSize                            = 4194304                                   {product} {ergonomic}
   size_t MaxHeapSize                              = 4217372672                                {product} {ergonomic}
   size_t MinHeapDeltaBytes                        = 2097152                                   {product} {ergonomic}
   size_t MinHeapSize                              = 8388608                                   {product} {ergonomic}
    uintx NonNMethodCodeHeapSize                   = 5839372                                {pd product} {ergonomic}
    uintx NonProfiledCodeHeapSize                  = 122909434                              {pd product} {ergonomic}
    uintx ProfiledCodeHeapSize                     = 122909434                              {pd product} {ergonomic}
    uintx ReservedCodeCacheSize                    = 251658240                              {pd product} {ergonomic}
     bool SegmentedCodeCache                       = true                                      {product} {ergonomic}
   size_t SoftMaxHeapSize                          = 4217372672                             {manageable} {ergonomic}
     bool UseCompressedClassPointers               = true                           {product lp64_product} {ergonomic}
     bool UseCompressedOops                        = true                           {product lp64_product} {ergonomic}
     bool UseG1GC                                  = true                                      {product} {ergonomic}
     bool UseLargePagesIndividualAllocation        = false                                  {pd product} {ergonomic}

Logging:
Log output configuration:
 #0: stdout all=warning uptime,level,tags
 #1: stderr all=off uptime,level,tags

Environment Variables:
JAVA_HOME=D:\my\Java\jdk1.8.0_171
CLASSPATH=D:\ideaworkspace\maomaochongapp\\gradle\wrapper\gradle-wrapper.jar
PATH=C:\Users\PC\bin;D:\my\Git\mingw64\bin;D:\my\Git\usr\local\bin;D:\my\Git\usr\bin;D:\my\Git\usr\bin;D:\my\Git\mingw64\bin;D:\my\Git\usr\bin;C:\Users\PC\bin;C:\Program Files\Common Files\Oracle\Java\javapath;C:\Users\PC\AppData\Local\Programs\cursor\resources\app\bin;C:\WINDOWS\system32;C:\WINDOWS;C:\WINDOWS\System32\Wbem;C:\WINDOWS\System32\WindowsPowerShell\v1.0;C:\WINDOWS\System32\OpenSSH;C:\Program Files\MySQL\MySQL Server 8.0\bin;D:\my\Java\jdk-17.0.5\bin;D:\my\Git\cmd;C:\Windows\System32;D:\soft\git\bin;D:\soft\新建文件夹\微信web开发者工具\dll;D:\soft\soft_install\DevEco Studio\bin;C:\Windows\System32;C:\Users\PC\AppData\Roaming\npm;C:\Users\PC\AppData\Local\Programs\cursor\resources\app\bin;C:\Users\PC\AppData\Local\Programs\Python\Python312;C:\Users\PC\AppData\Local\Programs\Python\Python312\Scripts;C:\Users\PC\AppData\Roaming\nvm;C:\Program Files\nodejs;D:\soft\zip\Bandizip;C:\Program Files\dotnet;possible-flag-199008;D:\soft\cursor\resources\app\bin;C:\Program Files\nodejs;C:\Users\PC\.ob1\bin;C:\Program Files\Common Files\Oracle\Java\javapath;C:\Users\PC\AppData\Local\Programs\cursor\resources\app\bin;C:\WINDOWS\system32;C:\WINDOWS;C:\WINDOWS\System32\Wbem;C:\WINDOWS\System32\WindowsPowerShell\v1.0;C:\WINDOWS\System32\OpenSSH;C:\Program Files\MySQL\MySQL Server 8.0\bin;D:\my\Java\jdk-17.0.5\bin;D:\my\Git\cmd;C:\Windows\System32;D:\soft\git\bin;D:\soft\新建文件夹\微信web开发者工具\dll;D:\soft\soft_install\DevEco Studio\bin;C:\Windows\System32;C:\Users\PC\AppData\Local\Programs\cursor\resources\app\bin;C:\Users\PC\AppData\Local\Programs\Python\Python312;C:\Users\PC\AppData\Local\Programs\Python\Python312\Scripts;C:\Users\PC\AppData\Roaming\nvm;C:\Program Files\nodejs;D:\soft\zip\Bandizip;C:\Program Files\dotnet;possible-flag-199008;D:\soft\cursor\resources\app\bin;D:\soft\Trae-ai\bin;D:\my\Java\jdk-17.0.5\bin;D:\soft\Trae CN\bin;C:\Users\PC\AppData\Local\Programs\Python\Python312\Scripts;D:\soft\soft_install\DevEco Studio\bin;C:\Windows\System32;D:\soft\Micr
USERNAME=PC
SHELL=D:\my\Git\usr\bin\bash.exe
DISPLAY=needs-to-be-defined
LANG=zh_CN.UTF-8
OS=Windows_NT
PROCESSOR_IDENTIFIER=Intel64 Family 6 Model 140 Stepping 1, GenuineIntel



---------------  S Y S T E M  ---------------

OS:
 Windows 11 , 64 bit Build 22621 (10.0.22621.5415)
OS uptime: 1 days 1:54 hours
Hyper-V role detected

CPU: total 8 (initial active 8) (4 cores per cpu, 2 threads per core) family 6 model 140 stepping 1 microcode 0x86, cx8, cmov, fxsr, ht, mmx, 3dnowpref, sse, sse2, sse3, ssse3, sse4.1, sse4.2, popcnt, lzcnt, tsc, tscinvbit, avx, avx2, aes, erms, clmul, bmi1, bmi2, adx, avx512f, avx512dq, avx512cd, avx512bw, avx512vl, sha, fma, vzeroupper, avx512_vpopcntdq, avx512_vpclmulqdq, avx512_vaes, avx512_vnni, clflush, clflushopt, clwb, avx512_vbmi2, avx512_vbmi, hv

Memory: 4k page, system-wide physical 16082M (306M free)
TotalPageFile size 33653M (AvailPageFile size 108M)
current process WorkingSet (physical memory assigned to process): 13M, peak: 13M
current process commit charge ("private bytes"): 60M, peak: 312M

vm_info: Java HotSpot(TM) 64-Bit Server VM (17.0.12+8-LTS-286) for windows-amd64 JRE (17.0.12+8-LTS-286), built on Jun  5 2024 06:46:59 by "mach5one" with MS VC++ 17.6 (VS2022)

END.
